
============================================================
=== ITERATION 1 of 3 ===
============================================================


=== STDERR ===
Traceback (most recent call last):
  File "/home/benjamin/Documents/Philosophy/Projects/ModelChecker/Code/src/model_checker/builder/module.py", line 258, in _load_module
    spec.loader.exec_module(module)
  File "<frozen importlib._bootstrap_external>", line 999, in exec_module
  File "<frozen importlib._bootstrap>", line 488, in _call_with_frames_removed
  File "/home/benjamin/Documents/Philosophy/Projects/ModelChecker/Code/test_exclusion_baseline.py", line 50, in <module>
    from .semantic import WitnessSemantics, WitnessModelAdapter, WitnessProposition
  File "/home/benjamin/Documents/Philosophy/Projects/ModelChecker/Code/test_exclusion_baseline.py", line 50, in <module>
    from .semantic import WitnessSemantics, WitnessModelAdapter, WitnessProposition
ImportError: attempted relative import with no known parent package

The above exception was the direct cause of the following exception:

Traceback (most recent call last):
  File "/home/benjamin/Documents/Philosophy/Projects/ModelChecker/Code/./dev_cli.py", line 55, in <module>
    main()
  File "/home/benjamin/Documents/Philosophy/Projects/ModelChecker/Code/src/model_checker/__main__.py", line 265, in main
    module = BuildModule(module_flags)
             ^^^^^^^^^^^^^^^^^^^^^^^^^
  File "/home/benjamin/Documents/Philosophy/Projects/ModelChecker/Code/src/model_checker/builder/module.py", line 63, in __init__
    self.module = self._load_module()
                  ^^^^^^^^^^^^^^^^^^^
  File "/home/benjamin/Documents/Philosophy/Projects/ModelChecker/Code/src/model_checker/builder/module.py", line 271, in _load_module
    raise ImportError(
ImportError: Relative import error in 'test_exclusion_baseline': attempted relative import with no known parent package
To use relative imports, make sure your project follows Python package structure with __init__.py files.

============================================================
=== ITERATION 2 of 3 ===
============================================================


=== STDERR ===
Traceback (most recent call last):
  File "/home/benjamin/Documents/Philosophy/Projects/ModelChecker/Code/src/model_checker/builder/module.py", line 258, in _load_module
    spec.loader.exec_module(module)
  File "<frozen importlib._bootstrap_external>", line 999, in exec_module
  File "<frozen importlib._bootstrap>", line 488, in _call_with_frames_removed
  File "/home/benjamin/Documents/Philosophy/Projects/ModelChecker/Code/test_exclusion_baseline.py", line 50, in <module>
    from .semantic import WitnessSemantics, WitnessModelAdapter, WitnessProposition
  File "/home/benjamin/Documents/Philosophy/Projects/ModelChecker/Code/test_exclusion_baseline.py", line 50, in <module>
    from .semantic import WitnessSemantics, WitnessModelAdapter, WitnessProposition
ImportError: attempted relative import with no known parent package

The above exception was the direct cause of the following exception:

Traceback (most recent call last):
  File "/home/benjamin/Documents/Philosophy/Projects/ModelChecker/Code/./dev_cli.py", line 55, in <module>
    main()
  File "/home/benjamin/Documents/Philosophy/Projects/ModelChecker/Code/src/model_checker/__main__.py", line 265, in main
    module = BuildModule(module_flags)
             ^^^^^^^^^^^^^^^^^^^^^^^^^
  File "/home/benjamin/Documents/Philosophy/Projects/ModelChecker/Code/src/model_checker/builder/module.py", line 63, in __init__
    self.module = self._load_module()
                  ^^^^^^^^^^^^^^^^^^^
  File "/home/benjamin/Documents/Philosophy/Projects/ModelChecker/Code/src/model_checker/builder/module.py", line 271, in _load_module
    raise ImportError(
ImportError: Relative import error in 'test_exclusion_baseline': attempted relative import with no known parent package
To use relative imports, make sure your project follows Python package structure with __init__.py files.

============================================================
=== ITERATION 3 of 3 ===
============================================================


=== STDERR ===
Traceback (most recent call last):
  File "/home/benjamin/Documents/Philosophy/Projects/ModelChecker/Code/src/model_checker/builder/module.py", line 258, in _load_module
    spec.loader.exec_module(module)
  File "<frozen importlib._bootstrap_external>", line 999, in exec_module
  File "<frozen importlib._bootstrap>", line 488, in _call_with_frames_removed
  File "/home/benjamin/Documents/Philosophy/Projects/ModelChecker/Code/test_exclusion_baseline.py", line 50, in <module>
    from .semantic import WitnessSemantics, WitnessModelAdapter, WitnessProposition
  File "/home/benjamin/Documents/Philosophy/Projects/ModelChecker/Code/test_exclusion_baseline.py", line 50, in <module>
    from .semantic import WitnessSemantics, WitnessModelAdapter, WitnessProposition
ImportError: attempted relative import with no known parent package

The above exception was the direct cause of the following exception:

Traceback (most recent call last):
  File "/home/benjamin/Documents/Philosophy/Projects/ModelChecker/Code/./dev_cli.py", line 55, in <module>
    main()
  File "/home/benjamin/Documents/Philosophy/Projects/ModelChecker/Code/src/model_checker/__main__.py", line 265, in main
    module = BuildModule(module_flags)
             ^^^^^^^^^^^^^^^^^^^^^^^^^
  File "/home/benjamin/Documents/Philosophy/Projects/ModelChecker/Code/src/model_checker/builder/module.py", line 63, in __init__
    self.module = self._load_module()
                  ^^^^^^^^^^^^^^^^^^^
  File "/home/benjamin/Documents/Philosophy/Projects/ModelChecker/Code/src/model_checker/builder/module.py", line 271, in _load_module
    raise ImportError(
ImportError: Relative import error in 'test_exclusion_baseline': attempted relative import with no known parent package
To use relative imports, make sure your project follows Python package structure with __init__.py files.
